[     0.0s] assignment-9 run_demo | mode=verify-only
[     0.0s] execution evidence: the committed loss_harness.ipynb itself — the audit below checks its execution counts are monotone and its outputs error-free, which no unexecuted notebook can satisfy
[     0.0s] [PASS] artifacts parse | results.json, loss_curves.json, per_token_losses.json
[     0.0s] [PASS] shift audit: all three alignments named at §4 | {'correct': 'CORRECT', 'reversed': 'REVERSED', 'no_shift': 'IDENTITY'}
[     0.0s] [PASS] padding: masked mean re-derived | 2.288660 vs reported 2.288659
[     0.0s] [PASS] padding: unmasked mean re-derived | 10.360005 vs reported 10.360005
[     0.0s] [PASS] padding: contributing count re-derived | 186 vs reported 186
[     0.0s] [PASS] padding: count changes under the mask | 186 < 508
[     0.0s] [PASS] padding: float-mask == ignore_index | 2.288659 vs 2.288660
[     0.0s] [PASS] padding: the wrong-mean bug re-derived (masked * discount) | 0.8380 == 2.2887 x 0.366
[     0.0s] [PASS] padding/sft: completions-only mask shrinks the denominator | 16 of 64 slots
[     0.0s] [PASS] packing: loss-before re-derived | 2.556420 vs reported 2.556420
[     0.0s] [PASS] packing: loss-after re-derived | 2.536340 vs reported 2.536340
[     0.0s] [PASS] packing: masking the seam lowers the mean | 2.5363 < 2.5564
[     0.0s] [PASS] packing: boundary count | 2 == 2
[     0.0s] [PASS] packing: seam per-token losses match | [0.3934, 6.868]
[     0.0s] [PASS] packing: the seam's two slots behave as claimed — one learnable (< mean), one impossible (> mean) | easy 0.3934 < mean 2.5564 < hard 6.8680
[     0.0s] [PASS] packing: block-causal + position restart makes doc2 match doc2-alone | allclose atol=1e-4
[     0.0s] [PASS] packing: the contract lives in the training loop, and learns | drops 0.120% of slots; final train loss 2.3629
[     0.0s] [PASS] perplexity: ln(V) recomputed | ln(259) = 5.556828
[     0.0s] [PASS] perplexity: untrained CE sits at ln(V) | |5.5656 - 5.5568| < 0.15
[     0.0s] [PASS] perplexity: ppl == exp(ce) | 261.29
[     0.0s] [PASS] perplexity: untrained ppl within 15% of V | 261.3 vs V=259
[     0.0s] [PASS] perplexity: loud init breaks the check (counterexample) | 33.3466 >> 5.5656
[     0.0s] [PASS] init leak: tied no_shift beats uniform BEFORE any training | PPL 143.5 << V=259
[     0.0s] [PASS] init leak: untying removes it (all untied arms at PPL ~ V) | correct: 261.6; reversed: 260.3; no_shift: 265.0
[     0.0s] [PASS] init leak: both tied SHIFTED arms stay at PPL ~ V (the leak is specific to the identity target) | correct 265.8, reversed 263.0
[     0.0s] [PASS] tied/untied: delta equals V*d | 33,152 == 259*128
[     0.0s] [PASS] tied/untied: counts differ by exactly the delta | 528,640 - 495,488
[     0.0s] [PASS] memory: row-chunked ratio re-derived | 13.16 vs reported 13.16
[     0.0s] [PASS] memory: row-chunked is materially smaller | 13.2x on cpu
[     0.0s] [PASS] memory: online ratio re-derived | 13.97 vs reported 13.97
[     0.0s] [PASS] memory: online is materially smaller | 14.0x on cpu
[     0.0s] [PASS] memory: analytic logits size recomputed | 785.3 MiB for [4,096, 50,257]
[     0.0s] [PASS] memory: online analytic buffer is independent of V | [N, vocab_chunk] = 32.0 MiB
[     0.0s] [PASS] fp16: naive softmax overflow demonstrated
[     0.0s] [PASS] part2: both heads untied (the confound the review caught)
[     0.0s] [PASS] part2: train sum == L1+L2
[     0.0s] [PASS] part2: held sum == L1+L2
[     0.0s] [PASS] part2: held-out L2 stays above L1 (full-stream sweep) | 2.9629 > 2.5650
[     0.0s] [PASS] part2: logged tails match the curves | results.json final_logged == loss_curves.json tail
[     0.0s] [PASS] part2: step 0 is pre-update and the gap starts at zero | step 0: gap -0.0183
[     0.0s] [PASS] part2: L2 above L1 at every held-out log point after step 0 | 30 log points
[     0.0s] [PASS] part2: memorization asymmetry — train gap ends below held gap | train +0.3105 < held +0.3979
[     0.0s] [PASS] part2: same-head estimator agrees on direction (and over-states, as its bias predicts) | same-head +1.6748 > two-heads +0.3979
[     0.0s] [PASS] part3/correct: audit verdict is CORRECT | got CORRECT
[     0.0s] [PASS] part3/correct: final loss matches its curve
[     0.0s] [PASS] part3/reversed: audit verdict is REVERSED | got REVERSED
[     0.0s] [PASS] part3/reversed: final loss matches its curve
[     0.0s] [PASS] part3/no_shift: audit verdict is IDENTITY | got IDENTITY
[     0.0s] [PASS] part3/no_shift: final loss matches its curve
[     0.0s] [PASS] part3: both bugs end BELOW the correct arm (the warning, quantified) | correct 2.3793, reversed 0.0102, no_shift 0.0000
[     0.0s] [PASS] part3: reversed's circuit named — copy-prev accuracy -> 1 | acc_prev 0.999
[     0.0s] [PASS] part3: no_shift's circuit named — copy-self accuracy -> 1 | acc_self 1.000
[     0.0s] [PASS] part3: the correct arm predicts, it does not copy | next 0.288 vs self 0.003 / prev 0.098
[     0.0s] [PASS] notebook: executed top to bottom, in order | 28 code cells
[     0.0s] [PASS] notebook: zero error outputs | 0 error outputs
[     0.0s] [PASS] notebook: renders on GitHub (< 1.5 MiB) | 387 KiB
[     0.0s] [PASS] notebook: the strings were actually printed (␣, <bos>, audit rows) | stdout carries the string audit, not just ids
[     0.0s] [PASS] README quotes every headline number verbatim | 45 numbers checked
[     0.0s] audit: PASS
[     0.0s] verdict: PASS
