[   0.000s] 
[   0.000s] ========================================================================
[   0.000s] == Kronecker Embedding V2 — math-structure embeddings
[   0.000s] ========================================================================
[   0.000s]        mode=full plan={"arms": ["kron_v2", "kron_char", "readout_only", "hom_only", "frozen_rand", "learned", "xval"], "curve_arms": ["kron_v2", "learned"], "curve_sizes": [500], "nl_arms": ["kron_v2", "learned"], "nl_seeds": [0, 1, 2], "nl_sizes": [2000, 8000], "primary_size": 2000, "probe_arms": ["kron_v2", "readout_only", "hom_only", "frozen_rand", "learned"], "seeds": [0, 1, 2, 3, 4], "sizes": [2000, 8000]}
[   0.120s]        vocab=1022 tokens hash=42753426af64
[   0.120s]        embedding[kron_v2] sha256=0e811091b421
[   0.120s]        embedding[kron_char] sha256=19fcaf39bef0
[   0.120s]        embedding[readout_only] sha256=d83ce3aa50e5
[   0.120s]        embedding[hom_only] sha256=6439b8edf8c3
[   0.120s]        embedding[frozen_rand] sha256=871c01c44c84
[   0.120s] 
[   0.120s] ========================================================================
[   0.120s] == Claim A: the embedding is an algebra (zero training)
[   0.120s] ========================================================================
[   0.868s] [PASS] claimA/lin_additivity  pairs=10000 bit_exact_failures=0
[   0.868s] [PASS] claimA/showcase_9_plus_9  decoded=18
[   0.868s] [PASS] claimA/log_multiplicativity  pairs=10000 max_abs_error=0.0000 tolerance=0.0000
[   0.868s] [PASS] claimA/char_invertibility  vocab_words=1022 random_words=2000
[   0.868s] [PASS] claimA/value_invertibility  sampled=5000
[   0.868s] [PASS] claimA/nonnumeric_zero_block
[   0.868s] [PASS] claimA/codebook_margin  max_pairwise_cosine=0.8916 min_pairwise_angle_deg=26.9252 allowed_max_cosine=0.9500
[   0.868s] [PASS] claimA/fourier_digit_readout  min_pairwise_distance=0.6180 required=0.5000
[   0.868s] [PASS] claimA/subtraction_and_sign  pairs=10000 lin_bit_exact_failures=0 sign_failures=0 division_via_log_max_err=0.0000
[   0.868s] [PASS] claimA/multi_step_chains  ten_term_sum_failures=0 five_term_product_max_log_err=0.0000
[   0.868s]        showcase: decode_value(emb('9')+emb('9')) = 18
[   0.868s] 
[   0.868s] ========================================================================
[   0.868s] == Data: deterministic splits with a structural operand hole
[   0.868s] ========================================================================
[   0.902s] [PASS] data/size_500_structural_invariants  counts={"eval_extra": 2000, "eval_hole": 1000, "eval_in": 1000, "train": 500}
[   0.937s] [PASS] data/size_2000_structural_invariants  counts={"eval_extra": 2000, "eval_hole": 1000, "eval_in": 1000, "train": 2000}
[   0.981s] [PASS] data/size_8000_structural_invariants  counts={"eval_extra": 2000, "eval_hole": 1000, "eval_in": 1000, "train": 8000}
[   0.981s] 
[   0.981s] ========================================================================
[   0.981s] == Determinism: identical (arm, size, seed) => identical bits
[   0.981s] ========================================================================
[   2.081s] [PASS] determinism/param_hash_bit_identical  hash=61bc25515461
[   2.081s] 
[   2.081s] ========================================================================
[   2.081s] == Claim B: the experiment matrix
[   2.081s] ========================================================================
[  37.995s]        run 1/92 arith:kron_v2@2000 seed0: in-add=0.722 hole-add=0.467 (36s)
[  74.150s]        run 2/92 arith:kron_v2@2000 seed1: in-add=0.656 hole-add=0.280 (36s)
[ 109.879s]        run 3/92 arith:kron_v2@2000 seed2: in-add=0.789 hole-add=0.545 (36s)
[ 145.674s]        run 4/92 arith:kron_v2@2000 seed3: in-add=0.666 hole-add=0.452 (36s)
[ 181.348s]        run 5/92 arith:kron_v2@2000 seed4: in-add=0.735 hole-add=0.527 (36s)
[ 217.505s]        run 6/92 arith:kron_v2@8000 seed0: in-add=0.776 hole-add=0.090 (36s)
[ 253.393s]        run 7/92 arith:kron_v2@8000 seed1: in-add=0.921 hole-add=0.036 (36s)
[ 289.133s]        run 8/92 arith:kron_v2@8000 seed2: in-add=0.738 hole-add=0.133 (36s)
[ 324.961s]        run 9/92 arith:kron_v2@8000 seed3: in-add=0.823 hole-add=0.256 (36s)
[ 360.813s]        run 10/92 arith:kron_v2@8000 seed4: in-add=0.823 hole-add=0.380 (36s)
[ 396.581s]        run 11/92 arith:kron_char@2000 seed0: in-add=0.088 hole-add=0.000 (36s)
[ 432.964s]        run 12/92 arith:kron_char@2000 seed1: in-add=0.073 hole-add=0.012 (36s)
[ 469.312s]        run 13/92 arith:kron_char@2000 seed2: in-add=0.057 hole-add=0.000 (36s)
[ 506.031s]        run 14/92 arith:kron_char@2000 seed3: in-add=0.082 hole-add=0.003 (37s)
[ 542.263s]        run 15/92 arith:kron_char@2000 seed4: in-add=0.073 hole-add=0.000 (36s)
[ 578.600s]        run 16/92 arith:kron_char@8000 seed0: in-add=0.186 hole-add=0.003 (36s)
[ 614.863s]        run 17/92 arith:kron_char@8000 seed1: in-add=0.511 hole-add=0.000 (36s)
[ 651.175s]        run 18/92 arith:kron_char@8000 seed2: in-add=0.442 hole-add=0.000 (36s)
[ 687.377s]        run 19/92 arith:kron_char@8000 seed3: in-add=0.438 hole-add=0.000 (36s)
[ 723.648s]        run 20/92 arith:kron_char@8000 seed4: in-add=0.435 hole-add=0.003 (36s)
[ 759.883s]        run 21/92 arith:readout_only@2000 seed0: in-add=0.726 hole-add=0.494 (36s)
[ 796.178s]        run 22/92 arith:readout_only@2000 seed1: in-add=0.700 hole-add=0.482 (36s)
[ 832.535s]        run 23/92 arith:readout_only@2000 seed2: in-add=0.688 hole-add=0.377 (36s)
[ 869.694s]        run 24/92 arith:readout_only@2000 seed3: in-add=0.697 hole-add=0.494 (37s)
[ 906.864s]        run 25/92 arith:readout_only@2000 seed4: in-add=0.738 hole-add=0.539 (37s)
[ 943.213s]        run 26/92 arith:readout_only@8000 seed0: in-add=0.861 hole-add=0.057 (36s)
[ 979.555s]        run 27/92 arith:readout_only@8000 seed1: in-add=0.864 hole-add=0.066 (36s)
[1015.756s]        run 28/92 arith:readout_only@8000 seed2: in-add=0.905 hole-add=0.370 (36s)
[1052.050s]        run 29/92 arith:readout_only@8000 seed3: in-add=0.839 hole-add=0.123 (36s)
[1088.355s]        run 30/92 arith:readout_only@8000 seed4: in-add=0.703 hole-add=0.093 (36s)
[1124.648s]        run 31/92 arith:hom_only@2000 seed0: in-add=0.054 hole-add=0.015 (36s)
[1160.923s]        run 32/92 arith:hom_only@2000 seed1: in-add=0.069 hole-add=0.012 (36s)
[1197.292s]        run 33/92 arith:hom_only@2000 seed2: in-add=0.073 hole-add=0.012 (36s)
[1233.529s]        run 34/92 arith:hom_only@2000 seed3: in-add=0.057 hole-add=0.015 (36s)
[1269.700s]        run 35/92 arith:hom_only@2000 seed4: in-add=0.047 hole-add=0.003 (36s)
[1306.552s]        run 36/92 arith:hom_only@8000 seed0: in-add=0.397 hole-add=0.015 (37s)
[1342.558s]        run 37/92 arith:hom_only@8000 seed1: in-add=0.300 hole-add=0.009 (36s)
[1379.638s]        run 38/92 arith:hom_only@8000 seed2: in-add=0.360 hole-add=0.009 (37s)
[1415.827s]        run 39/92 arith:hom_only@8000 seed3: in-add=0.555 hole-add=0.003 (36s)
[1452.110s]        run 40/92 arith:hom_only@8000 seed4: in-add=0.451 hole-add=0.009 (36s)
[1488.535s]        run 41/92 arith:frozen_rand@2000 seed0: in-add=0.132 hole-add=0.000 (36s)
[1524.826s]        run 42/92 arith:frozen_rand@2000 seed1: in-add=0.126 hole-add=0.000 (36s)
[1561.075s]        run 43/92 arith:frozen_rand@2000 seed2: in-add=0.123 hole-add=0.000 (36s)
[1597.450s]        run 44/92 arith:frozen_rand@2000 seed3: in-add=0.076 hole-add=0.006 (36s)
[1633.707s]        run 45/92 arith:frozen_rand@2000 seed4: in-add=0.139 hole-add=0.000 (36s)
[1669.961s]        run 46/92 arith:frozen_rand@8000 seed0: in-add=0.315 hole-add=0.000 (36s)
[1706.281s]        run 47/92 arith:frozen_rand@8000 seed1: in-add=0.413 hole-add=0.000 (36s)
[1742.619s]        run 48/92 arith:frozen_rand@8000 seed2: in-add=0.732 hole-add=0.000 (36s)
[1778.973s]        run 49/92 arith:frozen_rand@8000 seed3: in-add=0.401 hole-add=0.000 (36s)
[1815.388s]        run 50/92 arith:frozen_rand@8000 seed4: in-add=0.722 hole-add=0.009 (36s)
[1852.995s]        run 51/92 arith:learned@2000 seed0: in-add=0.098 hole-add=0.015 (38s)
[1890.221s]        run 52/92 arith:learned@2000 seed1: in-add=0.079 hole-add=0.009 (37s)
[1927.871s]        run 53/92 arith:learned@2000 seed2: in-add=0.088 hole-add=0.030 (38s)
[1965.834s]        run 54/92 arith:learned@2000 seed3: in-add=0.101 hole-add=0.006 (38s)
[2003.714s]        run 55/92 arith:learned@2000 seed4: in-add=0.107 hole-add=0.003 (38s)
[2041.677s]        run 56/92 arith:learned@8000 seed0: in-add=0.744 hole-add=0.021 (38s)
[2079.611s]        run 57/92 arith:learned@8000 seed1: in-add=0.754 hole-add=0.006 (38s)
[2117.529s]        run 58/92 arith:learned@8000 seed2: in-add=0.644 hole-add=0.009 (38s)
[2155.449s]        run 59/92 arith:learned@8000 seed3: in-add=0.858 hole-add=0.009 (38s)
[2193.370s]        run 60/92 arith:learned@8000 seed4: in-add=0.675 hole-add=0.003 (38s)
[2231.884s]        run 61/92 arith:xval@2000 seed0: in-add=0.230 hole-add=0.099 (39s)
[2270.271s]        run 62/92 arith:xval@2000 seed1: in-add=0.189 hole-add=0.057 (38s)
[2308.745s]        run 63/92 arith:xval@2000 seed2: in-add=0.284 hole-add=0.039 (38s)
[2347.097s]        run 64/92 arith:xval@2000 seed3: in-add=0.274 hole-add=0.084 (38s)
[2385.504s]        run 65/92 arith:xval@2000 seed4: in-add=0.155 hole-add=0.060 (38s)
[2424.190s]        run 66/92 arith:xval@8000 seed0: in-add=0.716 hole-add=0.244 (39s)
[2463.108s]        run 67/92 arith:xval@8000 seed1: in-add=0.751 hole-add=0.419 (39s)
[2501.516s]        run 68/92 arith:xval@8000 seed2: in-add=0.470 hole-add=0.187 (38s)
[2539.926s]        run 69/92 arith:xval@8000 seed3: in-add=0.603 hole-add=0.093 (38s)
[2578.385s]        run 70/92 arith:xval@8000 seed4: in-add=0.782 hole-add=0.319 (38s)
[2615.182s]        run 71/92 arith:kron_v2@500 seed0: in-add=0.218 hole-add=0.136 (37s)
[2652.021s]        run 72/92 arith:kron_v2@500 seed1: in-add=0.233 hole-add=0.163 (37s)
[2688.973s]        run 73/92 arith:kron_v2@500 seed2: in-add=0.233 hole-add=0.151 (37s)
[2726.098s]        run 74/92 arith:kron_v2@500 seed3: in-add=0.215 hole-add=0.166 (37s)
[2762.716s]        run 75/92 arith:kron_v2@500 seed4: in-add=0.170 hole-add=0.117 (37s)
[2800.500s]        run 76/92 arith:learned@500 seed0: in-add=0.025 hole-add=0.006 (38s)
[2838.289s]        run 77/92 arith:learned@500 seed1: in-add=0.047 hole-add=0.006 (38s)
[2876.055s]        run 78/92 arith:learned@500 seed2: in-add=0.044 hole-add=0.012 (38s)
[2913.916s]        run 79/92 arith:learned@500 seed3: in-add=0.025 hole-add=0.000 (38s)
[2951.752s]        run 80/92 arith:learned@500 seed4: in-add=0.041 hole-add=0.012 (38s)
[2994.920s]        run 81/92 nl:kron_v2@2000 seed0: in-add=0.767 hole-add=0.572 (43s)
[3038.098s]        run 82/92 nl:kron_v2@2000 seed1: in-add=0.640 hole-add=0.494 (43s)
[3081.269s]        run 83/92 nl:kron_v2@2000 seed2: in-add=0.615 hole-add=0.488 (43s)
[3124.390s]        run 84/92 nl:kron_v2@8000 seed0: in-add=1.000 hole-add=0.714 (43s)
[3165.542s]        run 85/92 nl:kron_v2@8000 seed1: in-add=0.751 hole-add=0.102 (41s)
[3206.736s]        run 86/92 nl:kron_v2@8000 seed2: in-add=0.839 hole-add=0.081 (41s)
[3248.741s]        run 87/92 nl:learned@2000 seed0: in-add=0.104 hole-add=0.012 (42s)
[3290.826s]        run 88/92 nl:learned@2000 seed1: in-add=0.063 hole-add=0.015 (42s)
[3332.771s]        run 89/92 nl:learned@2000 seed2: in-add=0.082 hole-add=0.009 (42s)
[3374.853s]        run 90/92 nl:learned@8000 seed0: in-add=0.779 hole-add=0.009 (42s)
[3416.980s]        run 91/92 nl:learned@8000 seed1: in-add=0.483 hole-add=0.000 (42s)
[3459.154s]        run 92/92 nl:learned@8000 seed2: in-add=0.612 hole-add=0.009 (42s)
[3459.162s] [PASS] matrix/architecture_identical_across_arms  n_runs=92
[3459.162s] [PASS] claimB/hole_generalization_kron_vs_learned  kron_v2=0.4542 learned=0.0127 ratio=35.9000
[3459.162s] [PASS] claimB/capacity_control_frozen_rand  kron_v2=0.4542 frozen_rand=0.0012 ratio=377.0000
[3459.162s] [PASS] claimB/nl_transfer_hole  kron_v2=0.5181 learned=0.0120 ratio=43.0000
[3459.162s] [PASS] claimB/in_range_at_every_train_size  sizes_compared=[500, 2000, 8000]
[3459.162s] [PASS] claimB/magnitude_extrapolation_reported_negative
[3459.162s] 
[3459.162s] ========================================================================
[3459.162s] == Figures and report
[3459.162s] ========================================================================
[3459.584s]        8 figures + report.html written
[3459.584s] 
[3459.584s] ========================================================================
[3459.584s] == Independent audit (re-derives everything from disk)
[3459.584s] ========================================================================
[3460.058s] [PASS] audit/claimA_reproduced_at_fresh_coordinate
[3460.058s] [PASS] audit/embedding_matrix_hashes_match
[3460.058s] [PASS] audit/vocab_hash_matches
[3460.058s] [PASS] audit/data_manifests_rebuild_identically
[3460.058s] [PASS] audit/aggregates_match_per_run_files
[3460.058s] [PASS] audit/architecture_identical_across_arms
[3460.058s] [PASS] audit/frozen_embeddings_match_recomputed_hashes
[3460.058s] [PASS] audit/claimB_hole_generalization
[3460.058s] [PASS] audit/claimB_capacity_control_frozen_rand
[3460.058s] [PASS] audit/claimB_nl_transfer_hole
[3460.058s] [PASS] audit/claimB_in_range_at_every_size
[3460.058s] [PASS] audit/claimB_extrapolation_negative_reported
[3460.058s] [PASS] audit/claimB_probe_localizes_failure_to_trunk
[3460.058s] [PASS] audit/verdict
[3460.058s] 
[3460.058s] ========================================================================
[3460.058s] == Done
[3460.058s] ========================================================================
[3460.058s]        ALL CHECKS PASSED
